// Jest Snapshot v1, https://goo.gl/fbAQLP

exports[`Testing ErrorBoundary class Should render children when there is no error 1`] = `
<div>
  <div>
    Content
  </div>
</div>
`;
