// Jest Snapshot v1, https://goo.gl/fbAQLP

exports[`Banner Component displays the title correctly 1`] = `
<div>
  <div
    class="css-i9nokg"
  >
    <div
      class="chakra-stack css-103yzil"
    >
      <p
        class="chakra-text css-18xzx14"
        data-testid="title"
      >
        Shop
      </p>
      <nav
        aria-label="breadcrumb"
        class="chakra-breadcrumb css-0"
      >
        <ol
          class="chakra-breadcrumb__list css-70qvj9"
        >
          <li
            class="chakra-breadcrumb__list-item css-18biwo"
          >
            <a
              class="chakra-breadcrumb__link css-0"
              href="/shop"
            >
              Shop
            </a>
            <span
              class="css-syhbcg"
              role="presentation"
            >
              <svg
                class="chakra-icon css-rozz42"
                focusable="false"
                viewBox="0 0 24 24"
              >
                <path
                  d="M10 6L8.59 7.41 13.17 12l-4.58 4.59L10 18l6-6z"
                  fill="currentColor"
                />
              </svg>
            </span>
          </li>
          <li
            class="chakra-breadcrumb__list-item css-18biwo"
            data-testid="breadcrumb-item"
          >
            <span
              aria-current="page"
              class="chakra-breadcrumb__link css-0"
            >
              Edit Product
            </span>
          </li>
        </ol>
      </nav>
    </div>
  </div>
</div>
`;
