// Jest Snapshot v1, https://goo.gl/fbAQLP

exports[`Shop component should render component correctly 1`] = `<div />`;
