// Jest Snapshot v1, https://goo.gl/fbAQLP

exports[`ConfirmModal Component renders product information correctly 1`] = `
<div
  aria-hidden="true"
  data-aria-hidden="true"
/>
`;
